cp ../README.md README.md
npx vsce package -o /tmp/artifacts/go-0.43.0.vsix --baseContentUrl https://github.com/golang/vscode-go/raw/v0.43.0 --baseImagesUrl https://github.com/golang/vscode-go/raw/v0.43.0 --no-update-package-json --no-git-tag-version --pre-release 0.43.0
rm README.md
