cp ../README.md README.md
npx vsce package -o /tmp/artifacts/go-0.44.0.vsix --baseContentUrl https://github.com/golang/vscode-go/raw/v0.44.0 --baseImagesUrl https://github.com/golang/vscode-go/raw/v0.44.0 0.44.0
rm README.md
