stat /tmp/artifacts/go-0.44.0.vsix
npx vsce publish -i /tmp/artifacts/go-0.44.0.vsix
